21:12:19 **** Incremental Build of configuration Debug for project zynqmp_cam_isp_demo ****
make all 
'Building file: ../src/isp_pipe.c'
'Invoking: ARM v8 gcc compiler'
aarch64-none-elf-gcc -Wall -O0 -g3 -c -fmessage-length=0 -MT"src/isp_pipe.o" -ID:/zynqmp_cam_isp_demo/zynqmp_cam_isp_demo.vitis/design_1_wrapper/export/design_1_wrapper/sw/design_1_wrapper/standalone_psu_cortexa53_0/bspinclude/include -MMD -MP -MF"src/isp_pipe.d" -MT"src/isp_pipe.o" -o "src/isp_pipe.o" "../src/isp_pipe.c"
In file included from D:/zynqmp_cam_isp_demo/zynqmp_cam_isp_demo.vitis/design_1_wrapper/export/design_1_wrapper/sw/design_1_wrapper/standalone_psu_cortexa53_0/bspinclude/include/xil_printf.h:16,
                 from ../src/isp_pipe.c:1:
../src/isp_pipe.c: In function 'isp_pipe_init':
D:/zynqmp_cam_isp_demo/zynqmp_cam_isp_demo.vitis/design_1_wrapper/export/design_1_wrapper/sw/design_1_wrapper/standalone_psu_cortexa53_0/bspinclude/include/xparameters.h:1896:44: warning: passing argument 4 of 'XIntc_Connect' makes pointer from integer without a cast [-Wint-conversion]
 1896 | #define XPAR_ISP_PIPE_ISP_S00_AXI_BASEADDR 0xA0070000
      |                                            ^~~~~~~~~~
      |                                            |
      |                                            unsigned int
../src/isp_pipe.c:16:25: note: in expansion of macro 'XPAR_ISP_PIPE_ISP_S00_AXI_BASEADDR'
   16 | #define ISP_BASE        XPAR_ISP_PIPE_ISP_S00_AXI_BASEADDR
      |                         ^~~~~~~~~~~~~~~~~~~~~~~~~~~~~~~~~~
../src/isp_pipe.c:323:98: note: in expansion of macro 'ISP_BASE'
  323 |         XIntc_Connect(&AxiIntc, XPAR_AXI_INTC_ISP_PIPE_ISP_IRQ_INTR, (XInterruptHandler)isp_isr, ISP_BASE);
      |                                                                                                  ^~~~~~~~
In file included from ../src/sys_intc.h:5,
                 from ../src/isp_pipe.c:5:
D:/zynqmp_cam_isp_demo/zynqmp_cam_isp_demo.vitis/design_1_wrapper/export/design_1_wrapper/sw/design_1_wrapper/standalone_psu_cortexa53_0/bspinclude/include/xintc.h:332:52: note: expected 'void *' but argument is of type 'unsigned int'
  332 |                   XInterruptHandler Handler, void *CallBackRef);
      |                                              ~~~~~~^~~~~~~~~~~
In file included from D:/zynqmp_cam_isp_demo/zynqmp_cam_isp_demo.vitis/design_1_wrapper/export/design_1_wrapper/sw/design_1_wrapper/standalone_psu_cortexa53_0/bspinclude/include/xil_printf.h:16,
                 from ../src/isp_pipe.c:1:
D:/zynqmp_cam_isp_demo/zynqmp_cam_isp_demo.vitis/design_1_wrapper/export/design_1_wrapper/sw/design_1_wrapper/standalone_psu_cortexa53_0/bspinclude/include/xparameters.h:1907:44: warning: passing argument 4 of 'XIntc_Connect' makes pointer from integer without a cast [-Wint-conversion]
 1907 | #define XPAR_ISP_PIPE_VIP_S00_AXI_BASEADDR 0xA00A0000
      |                                            ^~~~~~~~~~
      |                                            |
      |                                            unsigned int
../src/isp_pipe.c:17:25: note: in expansion of macro 'XPAR_ISP_PIPE_VIP_S00_AXI_BASEADDR'
   17 | #define VIP_BASE        XPAR_ISP_PIPE_VIP_S00_AXI_BASEADDR
      |                         ^~~~~~~~~~~~~~~~~~~~~~~~~~~~~~~~~~
../src/isp_pipe.c:324:98: note: in expansion of macro 'VIP_BASE'
  324 |         XIntc_Connect(&AxiIntc, XPAR_AXI_INTC_ISP_PIPE_VIP_IRQ_INTR, (XInterruptHandler)vip_isr, VIP_BASE);
      |                                                                                                  ^~~~~~~~
In file included from ../src/sys_intc.h:5,
                 from ../src/isp_pipe.c:5:
D:/zynqmp_cam_isp_demo/zynqmp_cam_isp_demo.vitis/design_1_wrapper/export/design_1_wrapper/sw/design_1_wrapper/standalone_psu_cortexa53_0/bspinclude/include/xintc.h:332:52: note: expected 'void *' but argument is of type 'unsigned int'
  332 |                   XInterruptHandler Handler, void *CallBackRef);
      |                                              ~~~~~~^~~~~~~~~~~
At top level:
../src/isp_pipe.c:498:28: warning: 'colorCurveTbl_8' defined but not used [-Wunused-const-variable=]
  498 | static const unsigned char colorCurveTbl_8[9][2] = {
      |                            ^~~~~~~~~~~~~~~
../src/isp_pipe.c:486:28: warning: 'colorCurveTbl_6' defined but not used [-Wunused-const-variable=]
  486 | static const unsigned char colorCurveTbl_6[9][2] = {
      |                            ^~~~~~~~~~~~~~~
../src/isp_pipe.c:466:28: warning: 'spaceWeightTbl_8' defined but not used [-Wunused-const-variable=]
  466 | static const unsigned char spaceWeightTbl_8[7*7] = {
      |                            ^~~~~~~~~~~~~~~~
../src/isp_pipe.c:456:28: warning: 'spaceWeightTbl_6' defined but not used [-Wunused-const-variable=]
  456 | static const unsigned char spaceWeightTbl_6[7*7] = {
      |                            ^~~~~~~~~~~~~~~~
'Finished building: ../src/isp_pipe.c'
' '
'Building target: zynqmp_cam_isp_demo.elf'
'Invoking: ARM v8 gcc linker'
aarch64-none-elf-gcc -Wl,-T -Wl,../src/lscript.ld -LD:/zynqmp_cam_isp_demo/zynqmp_cam_isp_demo.vitis/design_1_wrapper/export/design_1_wrapper/sw/design_1_wrapper/standalone_psu_cortexa53_0/bsplib/lib -o "zynqmp_cam_isp_demo.elf"  ./src/ar1335.o ./src/camif.o ./src/isp_pipe.o ./src/main.o ./src/ov5647.o ./src/sys_intc.o ./src/xdpdma_video_example.o ./src/xdppsu_interrupt.o   -Wl,--start-group,-lxil,-lgcc,-lc,--end-group -Wl,--start-group,-lxilffs,-lxil,-lgcc,-lc,--end-group
'Finished building target: zynqmp_cam_isp_demo.elf'
' '
'Invoking: ARM v8 Print Size'
aarch64-none-elf-size zynqmp_cam_isp_demo.elf  |tee "zynqmp_cam_isp_demo.elf.size"
   text	   data	    bss	    dec	    hex	filename
 323932	   8436	6254840	6587208	 648348	zynqmp_cam_isp_demo.elf
'Finished building: zynqmp_cam_isp_demo.elf.size'
' '

21:12:19 Build Finished (took 544ms)

