21:35:39 **** Incremental Build of configuration Debug for project zynqmp_cam_isp_demo ****
make all 
'Building file: ../src/ar1335.c'
'Invoking: ARM v8 gcc compiler'
aarch64-none-elf-gcc -Wall -O0 -g3 -c -fmessage-length=0 -MT"src/ar1335.o" -ID:/zynqmp_cam_isp_demo/zynqmp_cam_isp_demo.vitis/design_1_wrapper/export/design_1_wrapper/sw/design_1_wrapper/standalone_psu_cortexa53_0/bspinclude/include -MMD -MP -MF"src/ar1335.d" -MT"src/ar1335.o" -o "src/ar1335.o" "../src/ar1335.c"
../src/ar1335.c: In function 'ar1335_init_setting_4kp_48Mxclk':
../src/ar1335.c:835:1: warning: no return statement in function returning non-void [-Wreturn-type]
  835 | }
      | ^
At top level:
../src/ar1335.c:185:12: warning: 'read_cmos_sensor_2' defined but not used [-Wunused-function]
  185 | static u16 read_cmos_sensor_2(u16 addr)
      |            ^~~~~~~~~~~~~~~~~~
../src/ar1335.c:159:13: warning: 'write_cmos_sensor' defined but not used [-Wunused-function]
  159 | static void write_cmos_sensor(u16 addr , u8 data)
      |             ^~~~~~~~~~~~~~~~~
'Finished building: ../src/ar1335.c'
' '
'Building file: ../src/camif.c'
'Invoking: ARM v8 gcc compiler'
aarch64-none-elf-gcc -Wall -O0 -g3 -c -fmessage-length=0 -MT"src/camif.o" -ID:/zynqmp_cam_isp_demo/zynqmp_cam_isp_demo.vitis/design_1_wrapper/export/design_1_wrapper/sw/design_1_wrapper/standalone_psu_cortexa53_0/bspinclude/include -MMD -MP -MF"src/camif.d" -MT"src/camif.o" -o "src/camif.o" "../src/camif.c"
'Finished building: ../src/camif.c'
' '
'Building file: ../src/isp_pipe.c'
'Invoking: ARM v8 gcc compiler'
aarch64-none-elf-gcc -Wall -O0 -g3 -c -fmessage-length=0 -MT"src/isp_pipe.o" -ID:/zynqmp_cam_isp_demo/zynqmp_cam_isp_demo.vitis/design_1_wrapper/export/design_1_wrapper/sw/design_1_wrapper/standalone_psu_cortexa53_0/bspinclude/include -MMD -MP -MF"src/isp_pipe.d" -MT"src/isp_pipe.o" -o "src/isp_pipe.o" "../src/isp_pipe.c"
In file included from D:/zynqmp_cam_isp_demo/zynqmp_cam_isp_demo.vitis/design_1_wrapper/export/design_1_wrapper/sw/design_1_wrapper/standalone_psu_cortexa53_0/bspinclude/include/xil_printf.h:16,
                 from ../src/isp_pipe.c:1:
../src/isp_pipe.c: In function 'isp_pipe_init':
D:/zynqmp_cam_isp_demo/zynqmp_cam_isp_demo.vitis/design_1_wrapper/export/design_1_wrapper/sw/design_1_wrapper/standalone_psu_cortexa53_0/bspinclude/include/xparameters.h:1896:44: warning: passing argument 4 of 'XIntc_Connect' makes pointer from integer without a cast [-Wint-conversion]
 1896 | #define XPAR_ISP_PIPE_ISP_S00_AXI_BASEADDR 0xA0070000
      |                                            ^~~~~~~~~~
      |                                            |
      |                                            unsigned int
../src/isp_pipe.c:16:25: note: in expansion of macro 'XPAR_ISP_PIPE_ISP_S00_AXI_BASEADDR'
   16 | #define ISP_BASE        XPAR_ISP_PIPE_ISP_S00_AXI_BASEADDR
      |                         ^~~~~~~~~~~~~~~~~~~~~~~~~~~~~~~~~~
../src/isp_pipe.c:323:98: note: in expansion of macro 'ISP_BASE'
  323 |         XIntc_Connect(&AxiIntc, XPAR_AXI_INTC_ISP_PIPE_ISP_IRQ_INTR, (XInterruptHandler)isp_isr, ISP_BASE);
      |                                                                                                  ^~~~~~~~
In file included from ../src/sys_intc.h:5,
                 from ../src/isp_pipe.c:5:
D:/zynqmp_cam_isp_demo/zynqmp_cam_isp_demo.vitis/design_1_wrapper/export/design_1_wrapper/sw/design_1_wrapper/standalone_psu_cortexa53_0/bspinclude/include/xintc.h:332:52: note: expected 'void *' but argument is of type 'unsigned int'
  332 |                   XInterruptHandler Handler, void *CallBackRef);
      |                                              ~~~~~~^~~~~~~~~~~
In file included from D:/zynqmp_cam_isp_demo/zynqmp_cam_isp_demo.vitis/design_1_wrapper/export/design_1_wrapper/sw/design_1_wrapper/standalone_psu_cortexa53_0/bspinclude/include/xil_printf.h:16,
                 from ../src/isp_pipe.c:1:
D:/zynqmp_cam_isp_demo/zynqmp_cam_isp_demo.vitis/design_1_wrapper/export/design_1_wrapper/sw/design_1_wrapper/standalone_psu_cortexa53_0/bspinclude/include/xparameters.h:1907:44: warning: passing argument 4 of 'XIntc_Connect' makes pointer from integer without a cast [-Wint-conversion]
 1907 | #define XPAR_ISP_PIPE_VIP_S00_AXI_BASEADDR 0xA00A0000
      |                                            ^~~~~~~~~~
      |                                            |
      |                                            unsigned int
../src/isp_pipe.c:17:25: note: in expansion of macro 'XPAR_ISP_PIPE_VIP_S00_AXI_BASEADDR'
   17 | #define VIP_BASE        XPAR_ISP_PIPE_VIP_S00_AXI_BASEADDR
      |                         ^~~~~~~~~~~~~~~~~~~~~~~~~~~~~~~~~~
../src/isp_pipe.c:324:98: note: in expansion of macro 'VIP_BASE'
  324 |         XIntc_Connect(&AxiIntc, XPAR_AXI_INTC_ISP_PIPE_VIP_IRQ_INTR, (XInterruptHandler)vip_isr, VIP_BASE);
      |                                                                                                  ^~~~~~~~
In file included from ../src/sys_intc.h:5,
                 from ../src/isp_pipe.c:5:
D:/zynqmp_cam_isp_demo/zynqmp_cam_isp_demo.vitis/design_1_wrapper/export/design_1_wrapper/sw/design_1_wrapper/standalone_psu_cortexa53_0/bspinclude/include/xintc.h:332:52: note: expected 'void *' but argument is of type 'unsigned int'
  332 |                   XInterruptHandler Handler, void *CallBackRef);
      |                                              ~~~~~~^~~~~~~~~~~
At top level:
../src/isp_pipe.c:514:28: warning: 'colorCurveTbl_8' defined but not used [-Wunused-const-variable=]
  514 | static const unsigned char colorCurveTbl_8[9][2] = {
      |                            ^~~~~~~~~~~~~~~
../src/isp_pipe.c:502:28: warning: 'colorCurveTbl_6' defined but not used [-Wunused-const-variable=]
  502 | static const unsigned char colorCurveTbl_6[9][2] = {
      |                            ^~~~~~~~~~~~~~~
../src/isp_pipe.c:482:28: warning: 'spaceWeightTbl_8' defined but not used [-Wunused-const-variable=]
  482 | static const unsigned char spaceWeightTbl_8[7*7] = {
      |                            ^~~~~~~~~~~~~~~~
../src/isp_pipe.c:472:28: warning: 'spaceWeightTbl_6' defined but not used [-Wunused-const-variable=]
  472 | static const unsigned char spaceWeightTbl_6[7*7] = {
      |                            ^~~~~~~~~~~~~~~~
'Finished building: ../src/isp_pipe.c'
' '
'Building file: ../src/main.c'
'Invoking: ARM v8 gcc compiler'
aarch64-none-elf-gcc -Wall -O0 -g3 -c -fmessage-length=0 -MT"src/main.o" -ID:/zynqmp_cam_isp_demo/zynqmp_cam_isp_demo.vitis/design_1_wrapper/export/design_1_wrapper/sw/design_1_wrapper/standalone_psu_cortexa53_0/bspinclude/include -MMD -MP -MF"src/main.d" -MT"src/main.o" -o "src/main.o" "../src/main.c"
../src/main.c: In function 'sd_write_data':
../src/main.c:89:18: warning: cast to pointer from integer of different size [-Wint-to-pointer-cast]
   89 |     f_write(&fil,(void*) src_addr,byte_len,&bw);
      |                  ^
../src/main.c: In function 'main':
../src/main.c:107:9: warning: implicit declaration of function 'Xil_DCacheDisable' [-Wimplicit-function-declaration]
  107 |         Xil_DCacheDisable();
      |         ^~~~~~~~~~~~~~~~~
../src/main.c:108:9: warning: implicit declaration of function 'Xil_ICacheDisable' [-Wimplicit-function-declaration]
  108 |         Xil_ICacheDisable();
      |         ^~~~~~~~~~~~~~~~~
../src/main.c:155:25: warning: implicit declaration of function 'Xil_DCacheInvalidateRange' [-Wimplicit-function-declaration]
  155 |                         Xil_DCacheInvalidateRange(raw_buf, ALIGN((SNS_WIDTH + 2) / 3 * 4, 256) * SNS_HEIGHT);
      |                         ^~~~~~~~~~~~~~~~~~~~~~~~~
In file included from ../src/main.c:6:
../src/main.c: At top level:
../src/xdpdma_video_example.h:80:12: warning: 'GraphicsOverlay' declared 'static' but never defined [-Wunused-function]
   80 | static u8* GraphicsOverlay(u8* Frame, Run_Config *RunCfgPtr);
      |            ^~~~~~~~~~~~~~~
'Finished building: ../src/main.c'
' '
'Building file: ../src/ov5647.c'
'Invoking: ARM v8 gcc compiler'
aarch64-none-elf-gcc -Wall -O0 -g3 -c -fmessage-length=0 -MT"src/ov5647.o" -ID:/zynqmp_cam_isp_demo/zynqmp_cam_isp_demo.vitis/design_1_wrapper/export/design_1_wrapper/sw/design_1_wrapper/standalone_psu_cortexa53_0/bspinclude/include -MMD -MP -MF"src/ov5647.d" -MT"src/ov5647.o" -o "src/ov5647.o" "../src/ov5647.c"
../src/ov5647.c:204:13: warning: 'sensor_oe_disable' defined but not used [-Wunused-function]
  204 | static void sensor_oe_disable()
      |             ^~~~~~~~~~~~~~~~~
../src/ov5647.c:185:12: warning: 'read_cmos_sensor_2' defined but not used [-Wunused-function]
  185 | static u16 read_cmos_sensor_2(u16 addr)
      |            ^~~~~~~~~~~~~~~~~~
../src/ov5647.c:179:13: warning: 'write_cmos_sensor_2byte' defined but not used [-Wunused-function]
  179 | static void write_cmos_sensor_2byte(u16 addr , u16 data)
      |             ^~~~~~~~~~~~~~~~~~~~~~~
'Finished building: ../src/ov5647.c'
' '
'Building file: ../src/sys_intc.c'
'Invoking: ARM v8 gcc compiler'
aarch64-none-elf-gcc -Wall -O0 -g3 -c -fmessage-length=0 -MT"src/sys_intc.o" -ID:/zynqmp_cam_isp_demo/zynqmp_cam_isp_demo.vitis/design_1_wrapper/export/design_1_wrapper/sw/design_1_wrapper/standalone_psu_cortexa53_0/bspinclude/include -MMD -MP -MF"src/sys_intc.d" -MT"src/sys_intc.o" -o "src/sys_intc.o" "../src/sys_intc.c"
'Finished building: ../src/sys_intc.c'
' '
'Building file: ../src/xdpdma_video_example.c'
'Invoking: ARM v8 gcc compiler'
aarch64-none-elf-gcc -Wall -O0 -g3 -c -fmessage-length=0 -MT"src/xdpdma_video_example.o" -ID:/zynqmp_cam_isp_demo/zynqmp_cam_isp_demo.vitis/design_1_wrapper/export/design_1_wrapper/sw/design_1_wrapper/standalone_psu_cortexa53_0/bspinclude/include -MMD -MP -MF"src/xdpdma_video_example.d" -MT"src/xdpdma_video_example.o" -o "src/xdpdma_video_example.o" "../src/xdpdma_video_example.c"
'Finished building: ../src/xdpdma_video_example.c'
' '
'Building file: ../src/xdppsu_interrupt.c'
'Invoking: ARM v8 gcc compiler'
aarch64-none-elf-gcc -Wall -O0 -g3 -c -fmessage-length=0 -MT"src/xdppsu_interrupt.o" -ID:/zynqmp_cam_isp_demo/zynqmp_cam_isp_demo.vitis/design_1_wrapper/export/design_1_wrapper/sw/design_1_wrapper/standalone_psu_cortexa53_0/bspinclude/include -MMD -MP -MF"src/xdppsu_interrupt.d" -MT"src/xdppsu_interrupt.o" -o "src/xdppsu_interrupt.o" "../src/xdppsu_interrupt.c"
In file included from ../src/xdppsu_interrupt.c:31:
../src/xdpdma_video_example.h:80:12: warning: 'GraphicsOverlay' declared 'static' but never defined [-Wunused-function]
   80 | static u8* GraphicsOverlay(u8* Frame, Run_Config *RunCfgPtr);
      |            ^~~~~~~~~~~~~~~
'Finished building: ../src/xdppsu_interrupt.c'
' '
'Building target: zynqmp_cam_isp_demo.elf'
'Invoking: ARM v8 gcc linker'
aarch64-none-elf-gcc -Wl,-T -Wl,../src/lscript.ld -LD:/zynqmp_cam_isp_demo/zynqmp_cam_isp_demo.vitis/design_1_wrapper/export/design_1_wrapper/sw/design_1_wrapper/standalone_psu_cortexa53_0/bsplib/lib -o "zynqmp_cam_isp_demo.elf"  ./src/ar1335.o ./src/camif.o ./src/isp_pipe.o ./src/main.o ./src/ov5647.o ./src/sys_intc.o ./src/xdpdma_video_example.o ./src/xdppsu_interrupt.o   -Wl,--start-group,-lxil,-lgcc,-lc,--end-group -Wl,--start-group,-lxilffs,-lxil,-lgcc,-lc,--end-group
'Finished building target: zynqmp_cam_isp_demo.elf'
' '
'Invoking: ARM v8 Print Size'
aarch64-none-elf-size zynqmp_cam_isp_demo.elf  |tee "zynqmp_cam_isp_demo.elf.size"
   text	   data	    bss	    dec	    hex	filename
 324700	   8436	6254840	6587976	 648648	zynqmp_cam_isp_demo.elf
'Finished building: zynqmp_cam_isp_demo.elf.size'
' '

21:35:41 Build Finished (took 2s.128ms)

