

================================================================
== Vitis HLS Report for 'MultiPixStream2Bytes_Pipeline_VITIS_LOOP_763_11'
================================================================
* Date:           Sat Dec 10 20:38:37 2022

* Version:        2022.1 (Build 3526262 on Mon Apr 18 15:48:16 MDT 2022)
* Project:        prj
* Solution:       sol (Vivado IP Flow Target)
* Product family: zynquplus
* Target device:  xck26-sfvc784-2LV-c


================================================================
== Performance Estimates
================================================================
+ Timing: 
    * Summary: 
    +--------+---------+----------+------------+
    |  Clock |  Target | Estimated| Uncertainty|
    +--------+---------+----------+------------+
    |ap_clk  |  6.66 ns|  4.007 ns|     1.80 ns|
    +--------+---------+----------+------------+

+ Latency: 
    * Summary: 
    +---------+---------+-----------+----------+-----+-------+---------+
    |  Latency (cycles) |  Latency (absolute)  |   Interval  | Pipeline|
    |   min   |   max   |    min    |    max   | min |  max  |   Type  |
    +---------+---------+-----------+----------+-----+-------+---------+
    |        3|    21851|  19.989 ns|  0.146 ms|    3|  21851|       no|
    +---------+---------+-----------+----------+-----+-------+---------+

    + Detail: 
        * Instance: 
        N/A

        * Loop: 
        +---------------------+---------+---------+----------+-----------+-----------+----------+----------+
        |                     |  Latency (cycles) | Iteration|  Initiation Interval  |   Trip   |          |
        |      Loop Name      |   min   |   max   |  Latency |  achieved |   target  |   Count  | Pipelined|
        +---------------------+---------+---------+----------+-----------+-----------+----------+----------+
        |- VITIS_LOOP_763_11  |        1|    21849|         9|          8|          8|  0 ~ 2731|       yes|
        +---------------------+---------+---------+----------+-----------+-----------+----------+----------+



================================================================
== Utilization Estimates
================================================================
* Summary: 
+-----------------+---------+------+--------+--------+-----+
|       Name      | BRAM_18K|  DSP |   FF   |   LUT  | URAM|
+-----------------+---------+------+--------+--------+-----+
|DSP              |        -|     -|       -|       -|    -|
|Expression       |        -|     -|       0|     131|    -|
|FIFO             |        -|     -|       -|       -|    -|
|Instance         |        -|     -|       -|       -|    -|
|Memory           |        -|     -|       -|       -|    -|
|Multiplexer      |        -|     -|       -|     414|    -|
|Register         |        -|     -|     347|       -|    -|
+-----------------+---------+------+--------+--------+-----+
|Total            |        0|     0|     347|     545|    0|
+-----------------+---------+------+--------+--------+-----+
|Available        |      288|  1248|  234240|  117120|   64|
+-----------------+---------+------+--------+--------+-----+
|Utilization (%)  |        0|     0|      ~0|      ~0|    0|
+-----------------+---------+------+--------+--------+-----+

+ Detail: 
    * Instance: 
    N/A

    * DSP: 
    N/A

    * Memory: 
    N/A

    * FIFO: 
    N/A

    * Expression: 
    +----------------------------------+----------+----+---+----+------------+------------+
    |           Variable Name          | Operation| DSP| FF| LUT| Bitwidth P0| Bitwidth P1|
    +----------------------------------+----------+----+---+----+------------+------------+
    |x_4_fu_563_p2                     |         +|   0|  0|  18|          11|           1|
    |ap_block_pp0_stage0_01001         |       and|   0|  0|   2|           1|           1|
    |ap_block_pp0_stage1_11001         |       and|   0|  0|   2|           1|           1|
    |ap_block_pp0_stage2_11001         |       and|   0|  0|   2|           1|           1|
    |ap_block_pp0_stage3_11001         |       and|   0|  0|   2|           1|           1|
    |ap_block_pp0_stage4_01001         |       and|   0|  0|   2|           1|           1|
    |ap_block_pp0_stage5_11001         |       and|   0|  0|   2|           1|           1|
    |ap_block_pp0_stage6_11001         |       and|   0|  0|   2|           1|           1|
    |ap_block_pp0_stage7_01001         |       and|   0|  0|   2|           1|           1|
    |ap_block_state2_pp0_stage1_iter0  |       and|   0|  0|   2|           1|           1|
    |ap_block_state3_pp0_stage2_iter0  |       and|   0|  0|   2|           1|           1|
    |ap_block_state4_pp0_stage3_iter0  |       and|   0|  0|   2|           1|           1|
    |ap_block_state6_pp0_stage5_iter0  |       and|   0|  0|   2|           1|           1|
    |ap_block_state7_pp0_stage6_iter0  |       and|   0|  0|   2|           1|           1|
    |ap_condition_317                  |       and|   0|  0|   2|           1|           1|
    |ap_condition_799                  |       and|   0|  0|   2|           1|           1|
    |ap_condition_804                  |       and|   0|  0|   2|           1|           1|
    |ap_condition_808                  |       and|   0|  0|   2|           1|           1|
    |ap_condition_812                  |       and|   0|  0|   2|           1|           1|
    |ap_condition_816                  |       and|   0|  0|   2|           1|           1|
    |ap_condition_820                  |       and|   0|  0|   2|           1|           1|
    |ap_predicate_op101_write_state5   |       and|   0|  0|   2|           1|           1|
    |ap_predicate_op107_read_state6    |       and|   0|  0|   2|           1|           1|
    |ap_predicate_op116_read_state7    |       and|   0|  0|   2|           1|           1|
    |ap_predicate_op125_read_state8    |       and|   0|  0|   2|           1|           1|
    |ap_predicate_op131_write_state8   |       and|   0|  0|   2|           1|           1|
    |ap_predicate_op137_read_state9    |       and|   0|  0|   2|           1|           1|
    |ap_predicate_op61_read_state2     |       and|   0|  0|   2|           1|           1|
    |ap_predicate_op71_read_state3     |       and|   0|  0|   2|           1|           1|
    |ap_predicate_op81_read_state4     |       and|   0|  0|   2|           1|           1|
    |ap_predicate_op95_read_state5     |       and|   0|  0|   2|           1|           1|
    |cmp358_fu_573_p2                  |      icmp|   0|  0|  12|          12|          12|
    |icmp_ln763_fu_557_p2              |      icmp|   0|  0|  11|          11|          11|
    |ap_block_state5_pp0_stage4_iter0  |        or|   0|  0|   2|           1|           1|
    |ap_block_state8_pp0_stage7_iter0  |        or|   0|  0|   2|           1|           1|
    |ap_block_state9_pp0_stage0_iter1  |        or|   0|  0|   2|           1|           1|
    |or_ln768_1_fu_621_p2              |        or|   0|  0|   2|           1|           1|
    |or_ln768_2_fu_629_p2              |        or|   0|  0|   2|           1|           1|
    |or_ln768_3_fu_637_p2              |        or|   0|  0|   2|           1|           1|
    |or_ln768_4_fu_641_p2              |        or|   0|  0|   2|           1|           1|
    |or_ln768_5_fu_645_p2              |        or|   0|  0|   2|           1|           1|
    |or_ln768_6_fu_649_p2              |        or|   0|  0|   2|           1|           1|
    |or_ln768_7_fu_653_p2              |        or|   0|  0|   2|           1|           1|
    |or_ln768_fu_579_p2                |        or|   0|  0|   2|           1|           1|
    |or_ln781_1_fu_591_p2              |        or|   0|  0|   2|           1|           1|
    |or_ln781_2_fu_597_p2              |        or|   0|  0|   2|           1|           1|
    |or_ln781_fu_585_p2                |        or|   0|  0|   2|           1|           1|
    |ap_enable_pp0                     |       xor|   0|  0|   2|           1|           2|
    +----------------------------------+----------+----+---+----+------------+------------+
    |Total                             |          |   0|  0| 131|          79|          70|
    +----------------------------------+----------+----+---+----+------------+------------+

    * Multiplexer: 
    +-------------------------------------------+----+-----------+-----+-----------+
    |                    Name                   | LUT| Input Size| Bits| Total Bits|
    +-------------------------------------------+----+-----------+-----+-----------+
    |ap_NS_fsm                                  |  49|          9|    1|          9|
    |ap_done_int                                |   9|          2|    1|          2|
    |ap_enable_reg_pp0_iter0                    |   9|          2|    1|          2|
    |ap_enable_reg_pp0_iter0_reg                |   9|          2|    1|          2|
    |ap_enable_reg_pp0_iter1                    |   9|          2|    1|          2|
    |ap_phi_mux_pix_val_V_94_phi_fu_475_p4      |  14|          3|    8|         24|
    |ap_phi_mux_pix_val_V_95_phi_fu_465_p4      |  14|          3|    8|         24|
    |ap_phi_mux_pix_val_V_96_phi_fu_455_p4      |  14|          3|    8|         24|
    |ap_phi_reg_pp0_iter0_pix_val_V_41_reg_247  |   9|          2|    8|         16|
    |ap_phi_reg_pp0_iter0_pix_val_V_42_reg_237  |   9|          2|    8|         16|
    |ap_phi_reg_pp0_iter0_pix_val_V_43_reg_227  |   9|          2|    8|         16|
    |ap_phi_reg_pp0_iter0_pix_val_V_62_reg_279  |   9|          2|    8|         16|
    |ap_phi_reg_pp0_iter0_pix_val_V_63_reg_268  |   9|          2|    8|         16|
    |ap_phi_reg_pp0_iter0_pix_val_V_64_reg_257  |   9|          2|    8|         16|
    |ap_phi_reg_pp0_iter0_pix_val_V_67_reg_312  |   9|          2|    8|         16|
    |ap_phi_reg_pp0_iter0_pix_val_V_68_reg_301  |   9|          2|    8|         16|
    |ap_phi_reg_pp0_iter0_pix_val_V_69_reg_290  |   9|          2|    8|         16|
    |ap_phi_reg_pp0_iter0_pix_val_V_72_reg_345  |   9|          2|    8|         16|
    |ap_phi_reg_pp0_iter0_pix_val_V_73_reg_334  |   9|          2|    8|         16|
    |ap_phi_reg_pp0_iter0_pix_val_V_74_reg_323  |   9|          2|    8|         16|
    |ap_phi_reg_pp0_iter0_pix_val_V_77_reg_378  |   9|          2|    8|         16|
    |ap_phi_reg_pp0_iter0_pix_val_V_78_reg_367  |   9|          2|    8|         16|
    |ap_phi_reg_pp0_iter0_pix_val_V_79_reg_356  |   9|          2|    8|         16|
    |ap_phi_reg_pp0_iter0_pix_val_V_82_reg_411  |   9|          2|    8|         16|
    |ap_phi_reg_pp0_iter0_pix_val_V_83_reg_400  |   9|          2|    8|         16|
    |ap_phi_reg_pp0_iter0_pix_val_V_84_reg_389  |   9|          2|    8|         16|
    |ap_phi_reg_pp0_iter1_pix_val_V_88_reg_442  |  14|          3|    8|         24|
    |ap_phi_reg_pp0_iter1_pix_val_V_89_reg_432  |  14|          3|    8|         24|
    |ap_phi_reg_pp0_iter1_pix_val_V_90_reg_422  |  14|          3|    8|         24|
    |ap_sig_allocacmp_x_3                       |   9|          2|   11|         22|
    |bytePlanes_plane01_blk_n                   |   9|          2|    1|          2|
    |bytePlanes_plane01_din                     |  20|          4|   64|        256|
    |img_blk_n                                  |   9|          2|    1|          2|
    |pix_val_V_18_fu_106                        |   9|          2|    8|         16|
    |pix_val_V_19_fu_110                        |   9|          2|    8|         16|
    |pix_val_V_22_fu_114                        |   9|          2|    8|         16|
    |x_fu_102                                   |   9|          2|   11|         22|
    +-------------------------------------------+----+-----------+-----+-----------+
    |Total                                      | 414|         89|  309|        801|
    +-------------------------------------------+----+-----------+-----+-----------+

    * Register: 
    +-------------------------------------------+----+----+-----+-----------+
    |                    Name                   | FF | LUT| Bits| Const Bits|
    +-------------------------------------------+----+----+-----+-----------+
    |ap_CS_fsm                                  |   8|   0|    8|          0|
    |ap_done_reg                                |   1|   0|    1|          0|
    |ap_enable_reg_pp0_iter0_reg                |   1|   0|    1|          0|
    |ap_enable_reg_pp0_iter1                    |   1|   0|    1|          0|
    |ap_phi_reg_pp0_iter0_pix_val_V_41_reg_247  |   8|   0|    8|          0|
    |ap_phi_reg_pp0_iter0_pix_val_V_42_reg_237  |   8|   0|    8|          0|
    |ap_phi_reg_pp0_iter0_pix_val_V_43_reg_227  |   8|   0|    8|          0|
    |ap_phi_reg_pp0_iter0_pix_val_V_62_reg_279  |   8|   0|    8|          0|
    |ap_phi_reg_pp0_iter0_pix_val_V_63_reg_268  |   8|   0|    8|          0|
    |ap_phi_reg_pp0_iter0_pix_val_V_64_reg_257  |   8|   0|    8|          0|
    |ap_phi_reg_pp0_iter0_pix_val_V_67_reg_312  |   8|   0|    8|          0|
    |ap_phi_reg_pp0_iter0_pix_val_V_68_reg_301  |   8|   0|    8|          0|
    |ap_phi_reg_pp0_iter0_pix_val_V_69_reg_290  |   8|   0|    8|          0|
    |ap_phi_reg_pp0_iter0_pix_val_V_72_reg_345  |   8|   0|    8|          0|
    |ap_phi_reg_pp0_iter0_pix_val_V_73_reg_334  |   8|   0|    8|          0|
    |ap_phi_reg_pp0_iter0_pix_val_V_74_reg_323  |   8|   0|    8|          0|
    |ap_phi_reg_pp0_iter0_pix_val_V_77_reg_378  |   8|   0|    8|          0|
    |ap_phi_reg_pp0_iter0_pix_val_V_78_reg_367  |   8|   0|    8|          0|
    |ap_phi_reg_pp0_iter0_pix_val_V_79_reg_356  |   8|   0|    8|          0|
    |ap_phi_reg_pp0_iter0_pix_val_V_82_reg_411  |   8|   0|    8|          0|
    |ap_phi_reg_pp0_iter0_pix_val_V_83_reg_400  |   8|   0|    8|          0|
    |ap_phi_reg_pp0_iter0_pix_val_V_84_reg_389  |   8|   0|    8|          0|
    |ap_phi_reg_pp0_iter1_pix_val_V_88_reg_442  |   8|   0|    8|          0|
    |ap_phi_reg_pp0_iter1_pix_val_V_89_reg_432  |   8|   0|    8|          0|
    |ap_phi_reg_pp0_iter1_pix_val_V_90_reg_422  |   8|   0|    8|          0|
    |cmp358_reg_841                             |   1|   0|    1|          0|
    |icmp_ln763_reg_837                         |   1|   0|    1|          0|
    |or_ln768_1_reg_888                         |   1|   0|    1|          0|
    |or_ln768_2_reg_897                         |   1|   0|    1|          0|
    |or_ln768_3_reg_906                         |   1|   0|    1|          0|
    |or_ln768_4_reg_910                         |   1|   0|    1|          0|
    |or_ln768_5_reg_914                         |   1|   0|    1|          0|
    |or_ln768_6_reg_918                         |   1|   0|    1|          0|
    |or_ln768_7_reg_922                         |   1|   0|    1|          0|
    |or_ln768_reg_852                           |   1|   0|    1|          0|
    |or_ln781_1_reg_860                         |   1|   0|    1|          0|
    |or_ln781_2_reg_864                         |   1|   0|    1|          0|
    |or_ln781_reg_856                           |   1|   0|    1|          0|
    |pix_val_V_18_fu_106                        |   8|   0|    8|          0|
    |pix_val_V_19_fu_110                        |   8|   0|    8|          0|
    |pix_val_V_22_fu_114                        |   8|   0|    8|          0|
    |pix_val_V_41_reg_247                       |   8|   0|    8|          0|
    |pix_val_V_42_reg_237                       |   8|   0|    8|          0|
    |pix_val_V_43_reg_227                       |   8|   0|    8|          0|
    |pix_val_V_62_reg_279                       |   8|   0|    8|          0|
    |pix_val_V_63_reg_268                       |   8|   0|    8|          0|
    |pix_val_V_64_reg_257                       |   8|   0|    8|          0|
    |pix_val_V_69_reg_290                       |   8|   0|    8|          0|
    |pix_val_V_72_reg_345                       |   8|   0|    8|          0|
    |pix_val_V_73_reg_334                       |   8|   0|    8|          0|
    |pix_val_V_74_reg_323                       |   8|   0|    8|          0|
    |pix_val_V_77_reg_378                       |   8|   0|    8|          0|
    |pix_val_V_78_reg_367                       |   8|   0|    8|          0|
    |pix_val_V_79_reg_356                       |   8|   0|    8|          0|
    |pix_val_V_83_reg_400                       |   8|   0|    8|          0|
    |pix_val_V_84_reg_389                       |   8|   0|    8|          0|
    |x_fu_102                                   |  11|   0|   11|          0|
    +-------------------------------------------+----+----+-----+-----------+
    |Total                                      | 347|   0|  347|          0|
    +-------------------------------------------+----+----+-----+-----------+



================================================================
== Interface
================================================================
* Summary: 
+-----------------------------------+-----+-----+------------+-------------------------------------------------+--------------+
|             RTL Ports             | Dir | Bits|  Protocol  |                  Source Object                  |    C Type    |
+-----------------------------------+-----+-----+------------+-------------------------------------------------+--------------+
|ap_clk                             |   in|    1|  ap_ctrl_hs|  MultiPixStream2Bytes_Pipeline_VITIS_LOOP_763_11|  return value|
|ap_rst                             |   in|    1|  ap_ctrl_hs|  MultiPixStream2Bytes_Pipeline_VITIS_LOOP_763_11|  return value|
|ap_start                           |   in|    1|  ap_ctrl_hs|  MultiPixStream2Bytes_Pipeline_VITIS_LOOP_763_11|  return value|
|ap_done                            |  out|    1|  ap_ctrl_hs|  MultiPixStream2Bytes_Pipeline_VITIS_LOOP_763_11|  return value|
|ap_idle                            |  out|    1|  ap_ctrl_hs|  MultiPixStream2Bytes_Pipeline_VITIS_LOOP_763_11|  return value|
|ap_ready                           |  out|    1|  ap_ctrl_hs|  MultiPixStream2Bytes_Pipeline_VITIS_LOOP_763_11|  return value|
|img_dout                           |   in|   24|     ap_fifo|                                              img|       pointer|
|img_num_data_valid                 |   in|    2|     ap_fifo|                                              img|       pointer|
|img_fifo_cap                       |   in|    2|     ap_fifo|                                              img|       pointer|
|img_empty_n                        |   in|    1|     ap_fifo|                                              img|       pointer|
|img_read                           |  out|    1|     ap_fifo|                                              img|       pointer|
|bytePlanes_plane01_din             |  out|   64|     ap_fifo|                               bytePlanes_plane01|       pointer|
|bytePlanes_plane01_num_data_valid  |   in|   11|     ap_fifo|                               bytePlanes_plane01|       pointer|
|bytePlanes_plane01_fifo_cap        |   in|   11|     ap_fifo|                               bytePlanes_plane01|       pointer|
|bytePlanes_plane01_full_n          |   in|    1|     ap_fifo|                               bytePlanes_plane01|       pointer|
|bytePlanes_plane01_write           |  out|    1|     ap_fifo|                               bytePlanes_plane01|       pointer|
|pix_val_V_14                       |   in|    8|     ap_none|                                     pix_val_V_14|        scalar|
|pix_val_V_13                       |   in|    8|     ap_none|                                     pix_val_V_13|        scalar|
|pix_val_V_12                       |   in|    8|     ap_none|                                     pix_val_V_12|        scalar|
|trunc_ln1                          |   in|   11|     ap_none|                                        trunc_ln1|        scalar|
|cmp411_2                           |   in|    1|     ap_none|                                         cmp411_2|        scalar|
|cmp411_1                           |   in|    1|     ap_none|                                         cmp411_1|        scalar|
|cmp411                             |   in|    1|     ap_none|                                           cmp411|        scalar|
|icmp_ln749                         |   in|    1|     ap_none|                                       icmp_ln749|        scalar|
|cmp360_6                           |   in|    1|     ap_none|                                         cmp360_6|        scalar|
|cmp360_5                           |   in|    1|     ap_none|                                         cmp360_5|        scalar|
|cmp360_4                           |   in|    1|     ap_none|                                         cmp360_4|        scalar|
|cmp360_3                           |   in|    1|     ap_none|                                         cmp360_3|        scalar|
|cmp360_2                           |   in|    1|     ap_none|                                         cmp360_2|        scalar|
|cmp360_1                           |   in|    1|     ap_none|                                         cmp360_1|        scalar|
|sub357                             |   in|   12|     ap_none|                                           sub357|        scalar|
|cmp360                             |   in|    1|     ap_none|                                           cmp360|        scalar|
|pix_val_V_22_out                   |  out|    8|      ap_vld|                                 pix_val_V_22_out|       pointer|
|pix_val_V_22_out_ap_vld            |  out|    1|      ap_vld|                                 pix_val_V_22_out|       pointer|
|pix_val_V_19_out                   |  out|    8|      ap_vld|                                 pix_val_V_19_out|       pointer|
|pix_val_V_19_out_ap_vld            |  out|    1|      ap_vld|                                 pix_val_V_19_out|       pointer|
|pix_val_V_18_out                   |  out|    8|      ap_vld|                                 pix_val_V_18_out|       pointer|
|pix_val_V_18_out_ap_vld            |  out|    1|      ap_vld|                                 pix_val_V_18_out|       pointer|
+-----------------------------------+-----+-----+------------+-------------------------------------------------+--------------+

